  [1m[35m (1.1ms)[0m  [1m[34mSELECT pg_try_advisory_lock(1327044827445419880)[0m
  [1m[36mActiveRecord::SchemaMigration Load (2.9ms)[0m  [1m[34mSELECT "schema_migrations"."version" FROM "schema_migrations" ORDER BY "schema_migrations"."version" ASC[0m
  [1m[36mActiveRecord::InternalMetadata Load (3.7ms)[0m  [1m[34mSELECT * FROM "ar_internal_metadata" WHERE "ar_internal_metadata"."key" = $1 ORDER BY "ar_internal_metadata"."key" ASC LIMIT 1[0m  [[nil, "environment"]]
Migrating to CreateBooks (20260315000000)
  [1m[36mTRANSACTION (0.5ms)[0m  [1m[35mBEGIN[0m
  [1m[35m (27.9ms)[0m  [1m[35mCREATE TABLE "books" ("id" bigserial primary key, "user_id" bigint NOT NULL, "title" character varying NOT NULL, "author" character varying, "total_pages" integer NOT NULL, "target_pages" integer NOT NULL, "current_page" integer DEFAULT 0 NOT NULL, "deadline" date NOT NULL, "status" integer DEFAULT 0 NOT NULL, "extension_count" integer DEFAULT 0 NOT NULL, "completed_at" timestamp(6), "created_at" timestamp(6) NOT NULL, "updated_at" timestamp(6) NOT NULL, CONSTRAINT "fk_rails_bc582ddd02"
FOREIGN KEY ("user_id")
  REFERENCES "users" ("id")
)[0m
  [1m[35m (3.6ms)[0m  [1m[35mCREATE INDEX "index_books_on_user_id" ON "books" ("user_id")[0m
  [1m[36mActiveRecord::SchemaMigration Create (0.6ms)[0m  [1m[32mINSERT INTO "schema_migrations" ("version") VALUES ('20260315000000') RETURNING "version"[0m
  [1m[36mTRANSACTION (1.3ms)[0m  [1m[35mCOMMIT[0m
  [1m[35m (0.5ms)[0m  [1m[34mSELECT pg_advisory_unlock(1327044827445419880)[0m
  [1m[36mActiveRecord::SchemaMigration Load (0.4ms)[0m  [1m[34mSELECT "schema_migrations"."version" FROM "schema_migrations" ORDER BY "schema_migrations"."version" ASC[0m
  [1m[35m (107.1ms)[0m  [1m[35mCREATE DATABASE "yomikiri_development" ENCODING = 'unicode'[0m
  [1m[35m (64.0ms)[0m  [1m[35mCREATE DATABASE "yomikiri_test" ENCODING = 'unicode'[0m
  [1m[35m (5.2ms)[0m  [1m[35mCREATE TABLE "schema_migrations" ("version" character varying NOT NULL PRIMARY KEY)[0m
  [1m[35m (5.1ms)[0m  [1m[35mCREATE TABLE "ar_internal_metadata" ("key" character varying NOT NULL PRIMARY KEY, "value" character varying, "created_at" timestamp(6) NOT NULL, "updated_at" timestamp(6) NOT NULL)[0m
  [1m[35m (0.4ms)[0m  [1m[34mSELECT pg_try_advisory_lock(1327044827445419880)[0m
  [1m[36mActiveRecord::SchemaMigration Load (0.8ms)[0m  [1m[34mSELECT "schema_migrations"."version" FROM "schema_migrations" ORDER BY "schema_migrations"."version" ASC[0m
  [1m[36mActiveRecord::InternalMetadata Load (0.9ms)[0m  [1m[34mSELECT * FROM "ar_internal_metadata" WHERE "ar_internal_metadata"."key" = $1 ORDER BY "ar_internal_metadata"."key" ASC LIMIT 1[0m  [[nil, "environment"]]
  [1m[36mActiveRecord::InternalMetadata Create (1.2ms)[0m  [1m[32mINSERT INTO "ar_internal_metadata" ("key", "value", "created_at", "updated_at") VALUES ('environment', 'development', '2026-04-02 20:24:54.531835', '2026-04-02 20:24:54.531838') RETURNING "key"[0m
Migrating to DeviseCreateUsers (20260314152847)
  [1m[36mTRANSACTION (0.4ms)[0m  [1m[35mBEGIN[0m
  [1m[35m (5.9ms)[0m  [1m[35mCREATE TABLE "users" ("id" bigserial primary key, "email" character varying DEFAULT '' NOT NULL, "encrypted_password" character varying DEFAULT '' NOT NULL, "reset_password_token" character varying, "reset_password_sent_at" timestamp(6), "remember_created_at" timestamp(6), "nickname" character varying(50), "created_at" timestamp(6) NOT NULL, "updated_at" timestamp(6) NOT NULL)[0m
  [1m[35m (2.6ms)[0m  [1m[35mCREATE UNIQUE INDEX "index_users_on_email" ON "users" ("email")[0m
  [1m[35m (2.2ms)[0m  [1m[35mCREATE UNIQUE INDEX "index_users_on_reset_password_token" ON "users" ("reset_password_token")[0m
  [1m[36mActiveRecord::SchemaMigration Create (0.8ms)[0m  [1m[32mINSERT INTO "schema_migrations" ("version") VALUES ('20260314152847') RETURNING "version"[0m
  [1m[36mTRANSACTION (1.1ms)[0m  [1m[35mCOMMIT[0m
Migrating to CreateBooks (20260315000000)
  [1m[36mTRANSACTION (0.4ms)[0m  [1m[35mBEGIN[0m
  [1m[35m (6.2ms)[0m  [1m[35mCREATE TABLE "books" ("id" bigserial primary key, "user_id" bigint NOT NULL, "title" character varying NOT NULL, "author" character varying, "total_pages" integer NOT NULL, "target_pages" integer NOT NULL, "current_page" integer DEFAULT 0 NOT NULL, "deadline" date NOT NULL, "status" integer DEFAULT 0 NOT NULL, "extension_count" integer DEFAULT 0 NOT NULL, "completed_at" timestamp(6), "created_at" timestamp(6) NOT NULL, "updated_at" timestamp(6) NOT NULL, CONSTRAINT "fk_rails_bc582ddd02"
FOREIGN KEY ("user_id")
  REFERENCES "users" ("id")
)[0m
  [1m[35m (2.5ms)[0m  [1m[35mCREATE INDEX "index_books_on_user_id" ON "books" ("user_id")[0m
  [1m[36mActiveRecord::SchemaMigration Create (0.4ms)[0m  [1m[32mINSERT INTO "schema_migrations" ("version") VALUES ('20260315000000') RETURNING "version"[0m
  [1m[36mTRANSACTION (1.1ms)[0m  [1m[35mCOMMIT[0m
  [1m[35m (0.3ms)[0m  [1m[34mSELECT pg_advisory_unlock(1327044827445419880)[0m
  [1m[36mActiveRecord::SchemaMigration Load (0.4ms)[0m  [1m[34mSELECT "schema_migrations"."version" FROM "schema_migrations" ORDER BY "schema_migrations"."version" ASC[0m
  [1m[36mActiveRecord::SchemaMigration Load (0.9ms)[0m  [1m[34mSELECT "schema_migrations"."version" FROM "schema_migrations" ORDER BY "schema_migrations"."version" ASC[0m
Started GET "/" for 127.0.0.1 at 2026-04-03 05:25:16 +0900
  [1m[36mActiveRecord::SchemaMigration Load (0.8ms)[0m  [1m[34mSELECT "schema_migrations"."version" FROM "schema_migrations" ORDER BY "schema_migrations"."version" ASC[0m
Processing by TopController#index as HTML
  Rendering layout layouts/application.html.erb
  Rendering top/index.html.erb within layouts/application
  Rendered top/index.html.erb within layouts/application (Duration: 1.2ms | GC: 0.0ms)
  Rendered shared/_header.html.erb (Duration: 1.2ms | GC: 0.0ms)
  Rendered shared/_footer.html.erb (Duration: 0.2ms | GC: 0.0ms)
  Rendered layout layouts/application.html.erb (Duration: 316.9ms | GC: 67.2ms)
Completed 200 OK in 667ms (Views: 323.4ms | ActiveRecord: 0.0ms (0 queries, 0 cached) | GC: 203.6ms)


Started GET "/users/sign_in" for 127.0.0.1 at 2026-04-03 05:25:26 +0900
Processing by Users::SessionsController#new as HTML
  Rendering layout layouts/application.html.erb
  Rendering devise/sessions/new.html.erb within layouts/application
  Rendered devise/sessions/new.html.erb within layouts/application (Duration: 5.2ms | GC: 0.0ms)
  Rendered shared/_header.html.erb (Duration: 0.2ms | GC: 0.0ms)
  Rendered shared/_footer.html.erb (Duration: 0.0ms | GC: 0.0ms)
  Rendered layout layouts/application.html.erb (Duration: 7.3ms | GC: 0.0ms)
Completed 200 OK in 44ms (Views: 9.6ms | ActiveRecord: 9.7ms (0 queries, 0 cached) | GC: 0.2ms)


Started GET "/" for 127.0.0.1 at 2026-04-03 05:25:38 +0900
Processing by TopController#index as */*
  Rendering layout layouts/application.html.erb
  Rendering top/index.html.erb within layouts/application
  Rendered top/index.html.erb within layouts/application (Duration: 0.4ms | GC: 0.0ms)
  Rendered shared/_header.html.erb (Duration: 0.3ms | GC: 0.0ms)
  Rendered shared/_footer.html.erb (Duration: 0.0ms | GC: 0.0ms)
  Rendered layout layouts/application.html.erb (Duration: 8.9ms | GC: 5.5ms)
Completed 200 OK in 10ms (Views: 9.3ms | ActiveRecord: 0.0ms (0 queries, 0 cached) | GC: 5.5ms)


  [1m[35m (36.6ms)[0m  [1m[35mCREATE DATABASE "yomikiri_development" ENCODING = 'unicode'[0m
  [1m[35m (20.4ms)[0m  [1m[35mCREATE DATABASE "yomikiri_test" ENCODING = 'unicode'[0m
  [1m[36mTRANSACTION (0.7ms)[0m  [1m[35mBEGIN[0m
  [1m[36mUser Exists? (4.8ms)[0m  [1m[34mSELECT 1 AS one FROM "users" WHERE "users"."email" = $1 LIMIT $2[0m  [["email", "[FILTERED]"], ["LIMIT", 1]]
  [1m[36mUser Create (2.7ms)[0m  [1m[32mINSERT INTO "users" ("email", "encrypted_password", "reset_password_token", "reset_password_sent_at", "remember_created_at", "nickname", "created_at", "updated_at") VALUES ($1, $2, $3, $4, $5, $6, $7, $8) RETURNING "id"[0m  [["email", "[FILTERED]"], ["encrypted_password", "[FILTERED]"], ["reset_password_token", "[FILTERED]"], ["reset_password_sent_at", "[FILTERED]"], ["remember_created_at", nil], ["nickname", nil], ["created_at", "2026-04-02 21:41:12.894672"], ["updated_at", "2026-04-02 21:41:12.894672"]]
  [1m[36mTRANSACTION (1.7ms)[0m  [1m[35mCOMMIT[0m
  [1m[36mTRANSACTION (0.5ms)[0m  [1m[35mBEGIN[0m
  [1m[36mBook Create (3.0ms)[0m  [1m[32mINSERT INTO "books" ("user_id", "title", "author", "total_pages", "target_pages", "current_page", "deadline", "status", "extension_count", "completed_at", "created_at", "updated_at") VALUES ($1, $2, $3, $4, $5, $6, $7, $8, $9, $10, $11, $12) RETURNING "id"[0m  [["user_id", 1], ["title", "遠い"], ["author", nil], ["total_pages", 100], ["target_pages", 100], ["current_page", 0], ["deadline", "2026-05-03"], ["status", 0], ["extension_count", 0], ["completed_at", nil], ["created_at", "2026-04-02 21:41:12.940524"], ["updated_at", "2026-04-02 21:41:12.940524"]]
  [1m[36mTRANSACTION (0.9ms)[0m  [1m[35mCOMMIT[0m
  [1m[36mTRANSACTION (0.3ms)[0m  [1m[35mBEGIN[0m
  [1m[36mBook Create (1.4ms)[0m  [1m[32mINSERT INTO "books" ("user_id", "title", "author", "total_pages", "target_pages", "current_page", "deadline", "status", "extension_count", "completed_at", "created_at", "updated_at") VALUES ($1, $2, $3, $4, $5, $6, $7, $8, $9, $10, $11, $12) RETURNING "id"[0m  [["user_id", 1], ["title", "近い"], ["author", nil], ["total_pages", 100], ["target_pages", 100], ["current_page", 0], ["deadline", "2026-04-06"], ["status", 1], ["extension_count", 0], ["completed_at", nil], ["created_at", "2026-04-02 21:41:12.947659"], ["updated_at", "2026-04-02 21:41:12.947659"]]
  [1m[36mTRANSACTION (1.2ms)[0m  [1m[35mCOMMIT[0m
  [1m[36mTRANSACTION (0.4ms)[0m  [1m[35mBEGIN[0m
  [1m[36mBook Create (2.4ms)[0m  [1m[32mINSERT INTO "books" ("user_id", "title", "author", "total_pages", "target_pages", "current_page", "deadline", "status", "extension_count", "completed_at", "created_at", "updated_at") VALUES ($1, $2, $3, $4, $5, $6, $7, $8, $9, $10, $11, $12) RETURNING "id"[0m  [["user_id", 1], ["title", "読了"], ["author", nil], ["total_pages", 100], ["target_pages", 100], ["current_page", 0], ["deadline", "2026-04-08"], ["status", 2], ["extension_count", 0], ["completed_at", nil], ["created_at", "2026-04-02 21:41:12.953286"], ["updated_at", "2026-04-02 21:41:12.953286"]]
  [1m[36mTRANSACTION (1.3ms)[0m  [1m[35mCOMMIT[0m
  [1m[36mActiveRecord::SchemaMigration Load (0.8ms)[0m  [1m[34mSELECT "schema_migrations"."version" FROM "schema_migrations" ORDER BY "schema_migrations"."version" ASC[0m
Started GET "/" for 127.0.0.1 at 2026-04-04 14:24:42 +0900
  [1m[36mActiveRecord::SchemaMigration Load (1.4ms)[0m  [1m[34mSELECT "schema_migrations"."version" FROM "schema_migrations" ORDER BY "schema_migrations"."version" ASC[0m
Processing by TopController#index as HTML
  Rendering layout layouts/application.html.erb
  Rendering top/index.html.erb within layouts/application
  Rendered top/index.html.erb within layouts/application (Duration: 23.0ms | GC: 19.8ms)
  Rendered shared/_header.html.erb (Duration: 1.6ms | GC: 0.0ms)
  Rendered shared/_footer.html.erb (Duration: 0.2ms | GC: 0.0ms)
  Rendered layout layouts/application.html.erb (Duration: 413.9ms | GC: 99.3ms)
Completed 200 OK in 536ms (Views: 419.3ms | ActiveRecord: 0.0ms (0 queries, 0 cached) | GC: 101.4ms)


Started GET "/users/sign_in" for 127.0.0.1 at 2026-04-04 14:24:44 +0900
Processing by Users::SessionsController#new as HTML
  Rendering layout layouts/application.html.erb
  Rendering devise/sessions/new.html.erb within layouts/application
  Rendered devise/sessions/new.html.erb within layouts/application (Duration: 6.9ms | GC: 0.0ms)
  Rendered shared/_header.html.erb (Duration: 0.6ms | GC: 0.0ms)
  Rendered shared/_footer.html.erb (Duration: 0.1ms | GC: 0.0ms)
  Rendered layout layouts/application.html.erb (Duration: 10.9ms | GC: 0.0ms)
Completed 200 OK in 53ms (Views: 12.3ms | ActiveRecord: 16.8ms (0 queries, 0 cached) | GC: 0.0ms)


Started POST "/users/sign_in" for 127.0.0.1 at 2026-04-04 14:25:01 +0900
Processing by Users::SessionsController#create as TURBO_STREAM
  Parameters: {"authenticity_token"=>"[FILTERED]", "user"=>{"email"=>"[FILTERED]", "password"=>"[FILTERED]", "remember_me"=>"0"}, "commit"=>"ログインする"}
  [1m[36mUser Load (0.9ms)[0m  [1m[34mSELECT "users".* FROM "users" WHERE "users"."email" = $1 ORDER BY "users"."id" ASC LIMIT $2[0m  [["email", "[FILTERED]"], ["LIMIT", 1]]
Completed 401 Unauthorized in 199ms (ActiveRecord: 1.9ms (1 query, 0 cached) | GC: 0.0ms)


Processing by Users::SessionsController#new as TURBO_STREAM
  Parameters: {"authenticity_token"=>"[FILTERED]", "user"=>{"email"=>"[FILTERED]", "password"=>"[FILTERED]", "remember_me"=>"0"}, "commit"=>"ログインする"}
  Rendering layout layouts/application.html.erb
  Rendering devise/sessions/new.html.erb within layouts/application
  Rendered devise/sessions/new.html.erb within layouts/application (Duration: 1.9ms | GC: 0.0ms)
  Rendered shared/_header.html.erb (Duration: 0.5ms | GC: 0.0ms)
  Rendered shared/_footer.html.erb (Duration: 0.1ms | GC: 0.0ms)
  Rendered layout layouts/application.html.erb (Duration: 5.4ms | GC: 0.0ms)
Completed 200 OK in 175ms (Views: 6.0ms | ActiveRecord: 0.0ms (0 queries, 0 cached) | GC: 0.0ms)


Started GET "/users/password/new" for 127.0.0.1 at 2026-04-04 14:25:03 +0900
Processing by Devise::PasswordsController#new as HTML
  Rendering layout layouts/application.html.erb
  Rendering /home/ippei/.rbenv/versions/3.3.10/lib/ruby/gems/3.3.0/gems/devise-5.0.3/app/views/devise/passwords/new.html.erb within layouts/application
  Rendered /home/ippei/.rbenv/versions/3.3.10/lib/ruby/gems/3.3.0/gems/devise-5.0.3/app/views/devise/shared/_error_messages.html.erb (Duration: 0.3ms | GC: 0.0ms)
  Rendered /home/ippei/.rbenv/versions/3.3.10/lib/ruby/gems/3.3.0/gems/devise-5.0.3/app/views/devise/shared/_links.html.erb (Duration: 0.7ms | GC: 0.0ms)
  Rendered /home/ippei/.rbenv/versions/3.3.10/lib/ruby/gems/3.3.0/gems/devise-5.0.3/app/views/devise/passwords/new.html.erb within layouts/application (Duration: 4.3ms | GC: 0.0ms)
  Rendered shared/_header.html.erb (Duration: 0.2ms | GC: 0.0ms)
  Rendered shared/_footer.html.erb (Duration: 0.0ms | GC: 0.0ms)
  Rendered layout layouts/application.html.erb (Duration: 6.4ms | GC: 0.0ms)
Completed 200 OK in 10ms (Views: 7.1ms | ActiveRecord: 0.0ms (0 queries, 0 cached) | GC: 0.0ms)


Started POST "/users/password" for 127.0.0.1 at 2026-04-04 14:25:14 +0900
Processing by Devise::PasswordsController#create as TURBO_STREAM
  Parameters: {"authenticity_token"=>"[FILTERED]", "user"=>{"email"=>"[FILTERED]"}, "commit"=>"Send me password reset instructions"}
  [1m[36mUser Load (0.6ms)[0m  [1m[34mSELECT "users".* FROM "users" WHERE "users"."email" = $1 ORDER BY "users"."id" ASC LIMIT $2[0m  [["email", "[FILTERED]"], ["LIMIT", 1]]
  [1m[36mUser Load (0.5ms)[0m  [1m[34mSELECT "users".* FROM "users" WHERE "users"."reset_password_token" = $1 ORDER BY "users"."id" ASC LIMIT $2[0m  [["reset_password_token", "[FILTERED]"], ["LIMIT", 1]]
  [1m[36mTRANSACTION (0.4ms)[0m  [1m[35mBEGIN[0m
  [1m[36mUser Update (2.7ms)[0m  [1m[33mUPDATE "users" SET "reset_password_token" = $1, "reset_password_sent_at" = $2, "updated_at" = $3 WHERE "users"."id" = $4[0m  [["reset_password_token", "[FILTERED]"], ["reset_password_sent_at", "[FILTERED]"], ["updated_at", "2026-04-04 05:25:14.098012"], ["id", 1]]
  [1m[36mTRANSACTION (1.7ms)[0m  [1m[35mCOMMIT[0m
  Rendering /home/ippei/.rbenv/versions/3.3.10/lib/ruby/gems/3.3.0/gems/devise-5.0.3/app/views/devise/mailer/reset_password_instructions.html.erb
  Rendered /home/ippei/.rbenv/versions/3.3.10/lib/ruby/gems/3.3.0/gems/devise-5.0.3/app/views/devise/mailer/reset_password_instructions.html.erb (Duration: 0.5ms | GC: 0.0ms)
Devise::Mailer#reset_password_instructions: processed outbound mail in 15.6ms
Delivered mail 69d0a0ba2acef_add468882161e@thinkCentre-32G.mail (30.8ms)
Date: Sat, 04 Apr 2026 14:25:14 +0900
From: please-change-me-at-config-initializers-devise@example.com
Reply-To: please-change-me-at-config-initializers-devise@example.com
To: liverpl1920@gmail.com
Message-ID: <69d0a0ba2acef_add468882161e@thinkCentre-32G.mail>
Subject: =?UTF-8?Q?=E3=83=91=E3=82=B9=E3=83=AF=E3=83=BC=E3=83=89=E3=81=AE=E5=86=8D=E8=A8=AD=E5=AE=9A?=
MIME-Version: 1.0
Content-Type: text/html;
 charset=UTF-8
Content-Transfer-Encoding: 7bit

<!-- BEGIN /home/ippei/.rbenv/versions/3.3.10/lib/ruby/gems/3.3.0/gems/devise-5.0.3/app/views/devise/mailer/reset_password_instructions.html.erb --><p>Hello liverpl1920@gmail.com!</p>

<p>Someone has requested a link to change your password. You can do this through the link below.</p>

<p><a href="http://localhost:3000/users/password/edit?reset_password_token=-z4CqxAYDQ5jSj6fi54D">Change my password</a></p>

<p>If you didn't request this, please ignore this email.</p>
<p>Your password won't change until you access the link above and create a new one.</p>
<!-- END /home/ippei/.rbenv/versions/3.3.10/lib/ruby/gems/3.3.0/gems/devise-5.0.3/app/views/devise/mailer/reset_password_instructions.html.erb -->
Redirected to http://localhost:3000/users/sign_in
Completed 303 See Other in 160ms (ActiveRecord: 5.8ms (3 queries, 0 cached) | GC: 18.2ms)


Started GET "/users/sign_in" for 127.0.0.1 at 2026-04-04 14:25:14 +0900
Processing by Users::SessionsController#new as TURBO_STREAM
  Rendering layout layouts/application.html.erb
  Rendering devise/sessions/new.html.erb within layouts/application
  Rendered devise/sessions/new.html.erb within layouts/application (Duration: 1.3ms | GC: 0.0ms)
  Rendered shared/_header.html.erb (Duration: 0.2ms | GC: 0.0ms)
  Rendered shared/_footer.html.erb (Duration: 0.0ms | GC: 0.0ms)
  Rendered layout layouts/application.html.erb (Duration: 4.6ms | GC: 0.9ms)
Completed 200 OK in 6ms (Views: 5.0ms | ActiveRecord: 0.0ms (0 queries, 0 cached) | GC: 0.9ms)


Started GET "/users/sign_up" for 127.0.0.1 at 2026-04-04 14:25:52 +0900
Processing by Devise::RegistrationsController#new as HTML
  Rendering layout layouts/application.html.erb
  Rendering /home/ippei/.rbenv/versions/3.3.10/lib/ruby/gems/3.3.0/gems/devise-5.0.3/app/views/devise/registrations/new.html.erb within layouts/application
  Rendered /home/ippei/.rbenv/versions/3.3.10/lib/ruby/gems/3.3.0/gems/devise-5.0.3/app/views/devise/shared/_error_messages.html.erb (Duration: 0.1ms | GC: 0.0ms)
  Rendered /home/ippei/.rbenv/versions/3.3.10/lib/ruby/gems/3.3.0/gems/devise-5.0.3/app/views/devise/shared/_links.html.erb (Duration: 0.3ms | GC: 0.0ms)
  Rendered /home/ippei/.rbenv/versions/3.3.10/lib/ruby/gems/3.3.0/gems/devise-5.0.3/app/views/devise/registrations/new.html.erb within layouts/application (Duration: 5.5ms | GC: 0.0ms)
  Rendered shared/_header.html.erb (Duration: 0.6ms | GC: 0.0ms)
  Rendered shared/_footer.html.erb (Duration: 0.1ms | GC: 0.0ms)
  Rendered layout layouts/application.html.erb (Duration: 15.4ms | GC: 1.3ms)
Completed 200 OK in 20ms (Views: 16.9ms | ActiveRecord: 0.0ms (0 queries, 0 cached) | GC: 1.3ms)


Started POST "/users" for 127.0.0.1 at 2026-04-04 14:26:17 +0900
Processing by Devise::RegistrationsController#create as TURBO_STREAM
  Parameters: {"authenticity_token"=>"[FILTERED]", "user"=>{"email"=>"[FILTERED]", "password"=>"[FILTERED]", "password_confirmation"=>"[FILTERED]"}, "commit"=>"Sign up"}
  [1m[36mTRANSACTION (0.5ms)[0m  [1m[35mBEGIN[0m
  [1m[36mUser Exists? (3.8ms)[0m  [1m[34mSELECT 1 AS one FROM "users" WHERE "users"."email" = $1 LIMIT $2[0m  [["email", "[FILTERED]"], ["LIMIT", 1]]
  [1m[36mUser Create (1.0ms)[0m  [1m[32mINSERT INTO "users" ("email", "encrypted_password", "reset_password_token", "reset_password_sent_at", "remember_created_at", "nickname", "created_at", "updated_at") VALUES ($1, $2, $3, $4, $5, $6, $7, $8) RETURNING "id"[0m  [["email", "[FILTERED]"], ["encrypted_password", "[FILTERED]"], ["reset_password_token", "[FILTERED]"], ["reset_password_sent_at", "[FILTERED]"], ["remember_created_at", nil], ["nickname", nil], ["created_at", "2026-04-04 05:26:17.947230"], ["updated_at", "2026-04-04 05:26:17.947230"]]
  [1m[36mTRANSACTION (1.5ms)[0m  [1m[35mCOMMIT[0m
Redirected to http://localhost:3000/
Completed 303 See Other in 186ms (ActiveRecord: 6.8ms (2 queries, 0 cached) | GC: 0.6ms)


Started GET "/" for 127.0.0.1 at 2026-04-04 14:26:17 +0900
Processing by TopController#index as TURBO_STREAM
  Rendering layout layouts/application.html.erb
  Rendering top/index.html.erb within layouts/application
  Rendered top/index.html.erb within layouts/application (Duration: 0.6ms | GC: 0.0ms)
  [1m[36mUser Load (0.7ms)[0m  [1m[34mSELECT "users".* FROM "users" WHERE "users"."id" = $1 ORDER BY "users"."id" ASC LIMIT $2[0m  [["id", 2], ["LIMIT", 1]]
  ↳ app/views/shared/_header.html.erb:5
  Rendered shared/_header.html.erb (Duration: 4.0ms | GC: 0.0ms)
  Rendered shared/_footer.html.erb (Duration: 0.1ms | GC: 0.0ms)
  Rendered layout layouts/application.html.erb (Duration: 9.0ms | GC: 0.0ms)
Completed 200 OK in 10ms (Views: 8.8ms | ActiveRecord: 0.6ms (1 query, 0 cached) | GC: 0.0ms)


Started GET "/users/sign_in" for 127.0.0.1 at 2026-04-04 14:26:23 +0900
Processing by Users::SessionsController#new as HTML
  [1m[36mUser Load (0.5ms)[0m  [1m[34mSELECT "users".* FROM "users" WHERE "users"."id" = $1 ORDER BY "users"."id" ASC LIMIT $2[0m  [["id", 2], ["LIMIT", 1]]
Redirected to http://localhost:3000/books
Filter chain halted as :require_no_authentication rendered or redirected
Completed 302 Found in 4ms (ActiveRecord: 0.5ms (1 query, 0 cached) | GC: 0.3ms)


Started GET "/books" for 127.0.0.1 at 2026-04-04 14:26:23 +0900
Processing by BooksController#index as HTML
  [1m[36mUser Load (0.6ms)[0m  [1m[34mSELECT "users".* FROM "users" WHERE "users"."id" = $1 ORDER BY "users"."id" ASC LIMIT $2[0m  [["id", 2], ["LIMIT", 1]]
  Rendering layout layouts/application.html.erb
  Rendering books/index.html.erb within layouts/application
  [1m[36mBook Exists? (0.8ms)[0m  [1m[34mSELECT 1 AS one FROM "books" WHERE "books"."user_id" = $1 LIMIT $2[0m  [["user_id", 2], ["LIMIT", 1]]
  ↳ app/views/books/index.html.erb:10
  Rendered books/index.html.erb within layouts/application (Duration: 3.4ms | GC: 0.3ms)
  Rendered shared/_header.html.erb (Duration: 0.3ms | GC: 0.0ms)
  Rendered shared/_footer.html.erb (Duration: 0.0ms | GC: 0.0ms)
  Rendered layout layouts/application.html.erb (Duration: 5.8ms | GC: 0.3ms)
Completed 200 OK in 33ms (Views: 5.5ms | ActiveRecord: 6.4ms (2 queries, 0 cached) | GC: 0.7ms)


Started GET "/books/new" for 127.0.0.1 at 2026-04-04 14:26:24 +0900
Processing by BooksController#new as HTML
  [1m[36mUser Load (0.7ms)[0m  [1m[34mSELECT "users".* FROM "users" WHERE "users"."id" = $1 ORDER BY "users"."id" ASC LIMIT $2[0m  [["id", 2], ["LIMIT", 1]]
  Rendering layout layouts/application.html.erb
  Rendering books/new.html.erb within layouts/application
  Rendered books/_form.html.erb (Duration: 12.2ms | GC: 6.2ms)
  Rendered books/new.html.erb within layouts/application (Duration: 13.1ms | GC: 6.4ms)
  Rendered shared/_header.html.erb (Duration: 2.6ms | GC: 1.9ms)
  Rendered shared/_footer.html.erb (Duration: 0.0ms | GC: 0.0ms)
  Rendered layout layouts/application.html.erb (Duration: 22.1ms | GC: 12.1ms)
Completed 200 OK in 50ms (Views: 22.5ms | ActiveRecord: 0.6ms (1 query, 0 cached) | GC: 25.8ms)


Started GET "/books" for 127.0.0.1 at 2026-04-04 14:26:52 +0900
Processing by BooksController#index as HTML
  [1m[36mUser Load (0.7ms)[0m  [1m[34mSELECT "users".* FROM "users" WHERE "users"."id" = $1 ORDER BY "users"."id" ASC LIMIT $2[0m  [["id", 2], ["LIMIT", 1]]
  Rendering layout layouts/application.html.erb
  Rendering books/index.html.erb within layouts/application
  [1m[36mBook Exists? (0.6ms)[0m  [1m[34mSELECT 1 AS one FROM "books" WHERE "books"."user_id" = $1 LIMIT $2[0m  [["user_id", 2], ["LIMIT", 1]]
  ↳ app/views/books/index.html.erb:10
  Rendered books/index.html.erb within layouts/application (Duration: 3.1ms | GC: 1.2ms)
  Rendered shared/_header.html.erb (Duration: 0.4ms | GC: 0.0ms)
  Rendered shared/_footer.html.erb (Duration: 0.0ms | GC: 0.0ms)
  Rendered layout layouts/application.html.erb (Duration: 11.4ms | GC: 5.9ms)
Completed 200 OK in 27ms (Views: 12.3ms | ActiveRecord: 1.2ms (2 queries, 0 cached) | GC: 15.6ms)


Started POST "/books" for 127.0.0.1 at 2026-04-04 14:26:50 +0900
Processing by BooksController#create as TURBO_STREAM
  Parameters: {"authenticity_token"=>"[FILTERED]", "book"=>{"title"=>"aaaa", "author"=>"aa aa", "total_pages"=>"230", "target_pages"=>"230", "deadline"=>"2026-04-18", "current_page"=>"0"}, "commit"=>"登録する"}
  [1m[36mUser Load (0.7ms)[0m  [1m[34mSELECT "users".* FROM "users" WHERE "users"."id" = $1 ORDER BY "users"."id" ASC LIMIT $2[0m  [["id", 2], ["LIMIT", 1]]
  [1m[36mTRANSACTION (0.4ms)[0m  [1m[35mBEGIN[0m
  ↳ app/controllers/books_controller.rb:17:in `create'
  [1m[36mBook Create (2.1ms)[0m  [1m[32mINSERT INTO "books" ("user_id", "title", "author", "total_pages", "target_pages", "current_page", "deadline", "status", "extension_count", "completed_at", "created_at", "updated_at") VALUES ($1, $2, $3, $4, $5, $6, $7, $8, $9, $10, $11, $12) RETURNING "id"[0m  [["user_id", 2], ["title", "aaaa"], ["author", "aa aa"], ["total_pages", 230], ["target_pages", 230], ["current_page", 0], ["deadline", "2026-04-18"], ["status", 0], ["extension_count", 0], ["completed_at", nil], ["created_at", "2026-04-04 05:26:50.270616"], ["updated_at", "2026-04-04 05:26:50.270616"]]
  ↳ app/controllers/books_controller.rb:17:in `create'
  [1m[36mTRANSACTION (1.1ms)[0m  [1m[35mCOMMIT[0m
  ↳ app/controllers/books_controller.rb:17:in `create'
Redirected to http://localhost:3000/books/1
Completed 302 Found in 11ms (ActiveRecord: 4.2ms (2 queries, 0 cached) | GC: 1.8ms)


Started GET "/books/1" for 127.0.0.1 at 2026-04-04 14:26:50 +0900
Processing by BooksController#show as TURBO_STREAM
  Parameters: {"id"=>"1"}
  [1m[36mUser Load (0.5ms)[0m  [1m[34mSELECT "users".* FROM "users" WHERE "users"."id" = $1 ORDER BY "users"."id" ASC LIMIT $2[0m  [["id", 2], ["LIMIT", 1]]
  [1m[36mBook Load (0.4ms)[0m  [1m[34mSELECT "books".* FROM "books" WHERE "books"."user_id" = $1 AND "books"."id" = $2 LIMIT $3[0m  [["user_id", 2], ["id", 1], ["LIMIT", 1]]
  ↳ app/controllers/books_controller.rb:69:in `set_book'
  Rendering layout layouts/application.html.erb
  Rendering books/show.html.erb within layouts/application
  Rendered books/show.html.erb within layouts/application (Duration: 4.4ms | GC: 0.6ms)
  Rendered shared/_header.html.erb (Duration: 0.2ms | GC: 0.0ms)
  Rendered shared/_footer.html.erb (Duration: 0.0ms | GC: 0.0ms)
  Rendered layout layouts/application.html.erb (Duration: 6.9ms | GC: 0.9ms)
Completed 200 OK in 13ms (Views: 7.2ms | ActiveRecord: 0.9ms (2 queries, 0 cached) | GC: 0.9ms)


Started GET "/" for 127.0.0.1 at 2026-04-04 14:26:55 +0900
Processing by TopController#index as HTML
  Rendering layout layouts/application.html.erb
  Rendering top/index.html.erb within layouts/application
  Rendered top/index.html.erb within layouts/application (Duration: 0.3ms | GC: 0.0ms)
  [1m[36mUser Load (0.6ms)[0m  [1m[34mSELECT "users".* FROM "users" WHERE "users"."id" = $1 ORDER BY "users"."id" ASC LIMIT $2[0m  [["id", 2], ["LIMIT", 1]]
  ↳ app/views/shared/_header.html.erb:5
  Rendered shared/_header.html.erb (Duration: 2.6ms | GC: 0.0ms)
  Rendered shared/_footer.html.erb (Duration: 0.1ms | GC: 0.0ms)
  Rendered layout layouts/application.html.erb (Duration: 6.0ms | GC: 0.6ms)
Completed 200 OK in 7ms (Views: 5.8ms | ActiveRecord: 0.6ms (1 query, 0 cached) | GC: 0.6ms)


Started GET "/books" for 127.0.0.1 at 2026-04-04 14:26:59 +0900
Processing by BooksController#index as HTML
  [1m[36mUser Load (0.9ms)[0m  [1m[34mSELECT "users".* FROM "users" WHERE "users"."id" = $1 ORDER BY "users"."id" ASC LIMIT $2[0m  [["id", 2], ["LIMIT", 1]]
  Rendering layout layouts/application.html.erb
  Rendering books/index.html.erb within layouts/application
  [1m[36mBook Exists? (0.8ms)[0m  [1m[34mSELECT 1 AS one FROM "books" WHERE "books"."user_id" = $1 LIMIT $2[0m  [["user_id", 2], ["LIMIT", 1]]
  ↳ app/views/books/index.html.erb:10
  [1m[36mBook Load (0.8ms)[0m  [1m[34mSELECT "books".* FROM "books" WHERE "books"."user_id" = $1 ORDER BY CASE WHEN "books"."status" = 2 THEN 1 ELSE 0 END, "books"."deadline" ASC[0m  [["user_id", 2]]
  ↳ app/views/books/index.html.erb:22
  Rendered books/index.html.erb within layouts/application (Duration: 6.8ms | GC: 0.4ms)
  Rendered shared/_header.html.erb (Duration: 0.4ms | GC: 0.0ms)
  Rendered shared/_footer.html.erb (Duration: 0.0ms | GC: 0.0ms)
  Rendered layout layouts/application.html.erb (Duration: 9.3ms | GC: 0.4ms)
Completed 200 OK in 14ms (Views: 8.2ms | ActiveRecord: 2.3ms (3 queries, 0 cached) | GC: 0.4ms)


Started GET "/books" for 127.0.0.1 at 2026-04-04 14:26:59 +0900
Processing by BooksController#index as HTML
  [1m[36mUser Load (0.7ms)[0m  [1m[34mSELECT "users".* FROM "users" WHERE "users"."id" = $1 ORDER BY "users"."id" ASC LIMIT $2[0m  [["id", 2], ["LIMIT", 1]]
  Rendering layout layouts/application.html.erb
  Rendering books/index.html.erb within layouts/application
  [1m[36mBook Exists? (0.5ms)[0m  [1m[34mSELECT 1 AS one FROM "books" WHERE "books"."user_id" = $1 LIMIT $2[0m  [["user_id", 2], ["LIMIT", 1]]
  ↳ app/views/books/index.html.erb:10
  [1m[36mBook Load (0.6ms)[0m  [1m[34mSELECT "books".* FROM "books" WHERE "books"."user_id" = $1 ORDER BY CASE WHEN "books"."status" = 2 THEN 1 ELSE 0 END, "books"."deadline" ASC[0m  [["user_id", 2]]
  ↳ app/views/books/index.html.erb:22
  Rendered books/index.html.erb within layouts/application (Duration: 4.0ms | GC: 0.0ms)
  Rendered shared/_header.html.erb (Duration: 0.3ms | GC: 0.0ms)
  Rendered shared/_footer.html.erb (Duration: 0.0ms | GC: 0.0ms)
  Rendered layout layouts/application.html.erb (Duration: 6.2ms | GC: 0.0ms)
Completed 200 OK in 11ms (Views: 5.7ms | ActiveRecord: 1.8ms (3 queries, 0 cached) | GC: 0.3ms)


Started GET "/books/1" for 127.0.0.1 at 2026-04-04 14:27:00 +0900
Processing by BooksController#show as HTML
  Parameters: {"id"=>"1"}
  [1m[36mUser Load (0.6ms)[0m  [1m[34mSELECT "users".* FROM "users" WHERE "users"."id" = $1 ORDER BY "users"."id" ASC LIMIT $2[0m  [["id", 2], ["LIMIT", 1]]
  [1m[36mBook Load (0.7ms)[0m  [1m[34mSELECT "books".* FROM "books" WHERE "books"."user_id" = $1 AND "books"."id" = $2 LIMIT $3[0m  [["user_id", 2], ["id", 1], ["LIMIT", 1]]
  ↳ app/controllers/books_controller.rb:69:in `set_book'
  Rendering layout layouts/application.html.erb
  Rendering books/show.html.erb within layouts/application
  Rendered books/show.html.erb within layouts/application (Duration: 2.1ms | GC: 0.0ms)
  Rendered shared/_header.html.erb (Duration: 0.5ms | GC: 0.0ms)
  Rendered shared/_footer.html.erb (Duration: 0.1ms | GC: 0.0ms)
  Rendered layout layouts/application.html.erb (Duration: 5.5ms | GC: 0.0ms)
Completed 200 OK in 12ms (Views: 5.9ms | ActiveRecord: 1.2ms (2 queries, 0 cached) | GC: 0.2ms)


Started GET "/books/1" for 127.0.0.1 at 2026-04-04 14:27:04 +0900
Processing by BooksController#show as HTML
  Parameters: {"id"=>"1"}
  [1m[36mUser Load (0.6ms)[0m  [1m[34mSELECT "users".* FROM "users" WHERE "users"."id" = $1 ORDER BY "users"."id" ASC LIMIT $2[0m  [["id", 2], ["LIMIT", 1]]
  [1m[36mBook Load (0.7ms)[0m  [1m[34mSELECT "books".* FROM "books" WHERE "books"."user_id" = $1 AND "books"."id" = $2 LIMIT $3[0m  [["user_id", 2], ["id", 1], ["LIMIT", 1]]
  ↳ app/controllers/books_controller.rb:69:in `set_book'
  Rendering layout layouts/application.html.erb
  Rendering books/show.html.erb within layouts/application
  Rendered books/show.html.erb within layouts/application (Duration: 2.0ms | GC: 0.0ms)
  Rendered shared/_header.html.erb (Duration: 0.3ms | GC: 0.0ms)
  Rendered shared/_footer.html.erb (Duration: 0.0ms | GC: 0.0ms)
  Rendered layout layouts/application.html.erb (Duration: 6.0ms | GC: 1.1ms)
Completed 200 OK in 15ms (Views: 6.4ms | ActiveRecord: 1.3ms (2 queries, 0 cached) | GC: 1.5ms)


Started GET "/books" for 127.0.0.1 at 2026-04-05 09:40:18 +0900
Processing by BooksController#index as HTML
  [1m[36mUser Load (0.6ms)[0m  [1m[34mSELECT "users".* FROM "users" WHERE "users"."id" = $1 ORDER BY "users"."id" ASC LIMIT $2[0m  [["id", 2], ["LIMIT", 1]]
  Rendering layout layouts/application.html.erb
  Rendering books/index.html.erb within layouts/application
  [1m[36mBook Exists? (1.1ms)[0m  [1m[34mSELECT 1 AS one FROM "books" WHERE "books"."user_id" = $1 LIMIT $2[0m  [["user_id", 2], ["LIMIT", 1]]
  ↳ app/views/books/index.html.erb:10
  [1m[36mBook Load (0.6ms)[0m  [1m[34mSELECT "books".* FROM "books" WHERE "books"."user_id" = $1 ORDER BY CASE WHEN "books"."status" = 2 THEN 1 ELSE 0 END, "books"."deadline" ASC[0m  [["user_id", 2]]
  ↳ app/views/books/index.html.erb:22
  Rendered books/index.html.erb within layouts/application (Duration: 10.2ms | GC: 0.0ms)
  Rendered shared/_header.html.erb (Duration: 1.4ms | GC: 0.0ms)
  Rendered shared/_footer.html.erb (Duration: 0.3ms | GC: 0.0ms)
  Rendered layout layouts/application.html.erb (Duration: 35.7ms | GC: 0.0ms)
Completed 200 OK in 74ms (Views: 35.3ms | ActiveRecord: 12.8ms (3 queries, 0 cached) | GC: 0.0ms)


Started GET "/" for 127.0.0.1 at 2026-04-05 09:40:39 +0900
Processing by TopController#index as HTML
  Rendering layout layouts/application.html.erb
  Rendering top/index.html.erb within layouts/application
  Rendered top/index.html.erb within layouts/application (Duration: 0.8ms | GC: 0.0ms)
  [1m[36mUser Load (0.6ms)[0m  [1m[34mSELECT "users".* FROM "users" WHERE "users"."id" = $1 ORDER BY "users"."id" ASC LIMIT $2[0m  [["id", 2], ["LIMIT", 1]]
  ↳ app/views/shared/_header.html.erb:5
  Rendered shared/_header.html.erb (Duration: 2.8ms | GC: 0.0ms)
  Rendered shared/_footer.html.erb (Duration: 0.0ms | GC: 0.0ms)
  Rendered layout layouts/application.html.erb (Duration: 6.4ms | GC: 0.0ms)
Completed 200 OK in 8ms (Views: 6.3ms | ActiveRecord: 0.6ms (1 query, 0 cached) | GC: 0.0ms)


Started GET "/" for 127.0.0.1 at 2026-04-05 09:43:19 +0900
Processing by TopController#index as HTML
  Rendering layout layouts/application.html.erb
  Rendering top/index.html.erb within layouts/application
  Rendered top/index.html.erb within layouts/application (Duration: 0.5ms | GC: 0.0ms)
  [1m[36mUser Load (0.9ms)[0m  [1m[34mSELECT "users".* FROM "users" WHERE "users"."id" = $1 ORDER BY "users"."id" ASC LIMIT $2[0m  [["id", 2], ["LIMIT", 1]]
  ↳ app/views/shared/_header.html.erb:5
  Rendered shared/_header.html.erb (Duration: 3.9ms | GC: 0.0ms)
  Rendered shared/_footer.html.erb (Duration: 0.1ms | GC: 0.0ms)
  Rendered layout layouts/application.html.erb (Duration: 8.6ms | GC: 0.0ms)
Completed 200 OK in 10ms (Views: 8.2ms | ActiveRecord: 0.9ms (1 query, 0 cached) | GC: 0.0ms)


Started GET "/users/sign_up" for 127.0.0.1 at 2026-04-05 09:43:20 +0900
Processing by Users::RegistrationsController#new as HTML
  [1m[36mUser Load (0.6ms)[0m  [1m[34mSELECT "users".* FROM "users" WHERE "users"."id" = $1 ORDER BY "users"."id" ASC LIMIT $2[0m  [["id", 2], ["LIMIT", 1]]
Redirected to http://localhost:3000/
Filter chain halted as :require_no_authentication rendered or redirected
Completed 302 Found in 3ms (ActiveRecord: 0.6ms (1 query, 0 cached) | GC: 0.0ms)


Started GET "/" for 127.0.0.1 at 2026-04-05 09:43:20 +0900
Processing by TopController#index as HTML
  Rendering layout layouts/application.html.erb
  Rendering top/index.html.erb within layouts/application
  Rendered top/index.html.erb within layouts/application (Duration: 0.7ms | GC: 0.0ms)
  [1m[36mUser Load (0.6ms)[0m  [1m[34mSELECT "users".* FROM "users" WHERE "users"."id" = $1 ORDER BY "users"."id" ASC LIMIT $2[0m  [["id", 2], ["LIMIT", 1]]
  ↳ app/views/shared/_header.html.erb:5
  Rendered shared/_header.html.erb (Duration: 2.5ms | GC: 0.0ms)
  Rendered shared/_footer.html.erb (Duration: 0.0ms | GC: 0.0ms)
  Rendered layout layouts/application.html.erb (Duration: 6.4ms | GC: 0.0ms)
Completed 200 OK in 8ms (Views: 6.4ms | ActiveRecord: 0.5ms (1 query, 0 cached) | GC: 0.0ms)


Started GET "/users/sign_in" for 127.0.0.1 at 2026-04-05 09:44:54 +0900
Processing by Users::SessionsController#new as HTML
  [1m[36mUser Load (0.7ms)[0m  [1m[34mSELECT "users".* FROM "users" WHERE "users"."id" = $1 ORDER BY "users"."id" ASC LIMIT $2[0m  [["id", 2], ["LIMIT", 1]]
Redirected to http://localhost:3000/books
Filter chain halted as :require_no_authentication rendered or redirected
Completed 302 Found in 5ms (ActiveRecord: 0.7ms (1 query, 0 cached) | GC: 0.8ms)


Started GET "/books" for 127.0.0.1 at 2026-04-05 09:44:54 +0900
Processing by BooksController#index as HTML
  [1m[36mUser Load (0.6ms)[0m  [1m[34mSELECT "users".* FROM "users" WHERE "users"."id" = $1 ORDER BY "users"."id" ASC LIMIT $2[0m  [["id", 2], ["LIMIT", 1]]
  Rendering layout layouts/application.html.erb
  Rendering books/index.html.erb within layouts/application
  [1m[36mBook Exists? (1.5ms)[0m  [1m[34mSELECT 1 AS one FROM "books" WHERE "books"."user_id" = $1 LIMIT $2[0m  [["user_id", 2], ["LIMIT", 1]]
  ↳ app/views/books/index.html.erb:10
  [1m[36mBook Load (0.6ms)[0m  [1m[34mSELECT "books".* FROM "books" WHERE "books"."user_id" = $1 ORDER BY CASE WHEN "books"."status" = 2 THEN 1 ELSE 0 END, "books"."deadline" ASC[0m  [["user_id", 2]]
  ↳ app/views/books/index.html.erb:22
  Rendered books/index.html.erb within layouts/application (Duration: 6.2ms | GC: 0.0ms)
  Rendered shared/_header.html.erb (Duration: 0.4ms | GC: 0.0ms)
  Rendered shared/_footer.html.erb (Duration: 0.0ms | GC: 0.0ms)
  Rendered layout layouts/application.html.erb (Duration: 9.4ms | GC: 0.0ms)
Completed 200 OK in 15ms (Views: 8.1ms | ActiveRecord: 2.7ms (3 queries, 0 cached) | GC: 0.6ms)


Started GET "/users/sign_in" for 127.0.0.1 at 2026-04-05 09:44:54 +0900
Processing by Users::SessionsController#new as HTML
  [1m[36mUser Load (0.5ms)[0m  [1m[34mSELECT "users".* FROM "users" WHERE "users"."id" = $1 ORDER BY "users"."id" ASC LIMIT $2[0m  [["id", 2], ["LIMIT", 1]]
Redirected to http://localhost:3000/books
Filter chain halted as :require_no_authentication rendered or redirected
Completed 302 Found in 4ms (ActiveRecord: 0.5ms (1 query, 0 cached) | GC: 0.0ms)


Started GET "/books" for 127.0.0.1 at 2026-04-05 09:44:54 +0900
Processing by BooksController#index as HTML
  [1m[36mUser Load (0.7ms)[0m  [1m[34mSELECT "users".* FROM "users" WHERE "users"."id" = $1 ORDER BY "users"."id" ASC LIMIT $2[0m  [["id", 2], ["LIMIT", 1]]
  Rendering layout layouts/application.html.erb
  Rendering books/index.html.erb within layouts/application
  [1m[36mBook Exists? (0.8ms)[0m  [1m[34mSELECT 1 AS one FROM "books" WHERE "books"."user_id" = $1 LIMIT $2[0m  [["user_id", 2], ["LIMIT", 1]]
  ↳ app/views/books/index.html.erb:10
  [1m[36mBook Load (0.5ms)[0m  [1m[34mSELECT "books".* FROM "books" WHERE "books"."user_id" = $1 ORDER BY CASE WHEN "books"."status" = 2 THEN 1 ELSE 0 END, "books"."deadline" ASC[0m  [["user_id", 2]]
  ↳ app/views/books/index.html.erb:22
  Rendered books/index.html.erb within layouts/application (Duration: 4.1ms | GC: 0.0ms)
  Rendered shared/_header.html.erb (Duration: 0.6ms | GC: 0.0ms)
  Rendered shared/_footer.html.erb (Duration: 0.1ms | GC: 0.0ms)
  Rendered layout layouts/application.html.erb (Duration: 7.7ms | GC: 0.3ms)
Completed 200 OK in 12ms (Views: 6.8ms | ActiveRecord: 1.9ms (3 queries, 0 cached) | GC: 0.3ms)


Started GET "/books/1" for 127.0.0.1 at 2026-04-05 09:44:56 +0900
Processing by BooksController#show as HTML
  Parameters: {"id"=>"1"}
  [1m[36mUser Load (0.6ms)[0m  [1m[34mSELECT "users".* FROM "users" WHERE "users"."id" = $1 ORDER BY "users"."id" ASC LIMIT $2[0m  [["id", 2], ["LIMIT", 1]]
  [1m[36mBook Load (0.6ms)[0m  [1m[34mSELECT "books".* FROM "books" WHERE "books"."user_id" = $1 AND "books"."id" = $2 LIMIT $3[0m  [["user_id", 2], ["id", 1], ["LIMIT", 1]]
  ↳ app/controllers/books_controller.rb:69:in `set_book'
  Rendering layout layouts/application.html.erb
  Rendering books/show.html.erb within layouts/application
  Rendered books/show.html.erb within layouts/application (Duration: 5.0ms | GC: 0.0ms)
  Rendered shared/_header.html.erb (Duration: 0.3ms | GC: 0.0ms)
  Rendered shared/_footer.html.erb (Duration: 0.1ms | GC: 0.0ms)
  Rendered layout layouts/application.html.erb (Duration: 7.8ms | GC: 0.2ms)
Completed 200 OK in 15ms (Views: 8.6ms | ActiveRecord: 1.1ms (2 queries, 0 cached) | GC: 0.5ms)


Started DELETE "/books/1" for 127.0.0.1 at 2026-04-05 09:45:04 +0900
Processing by BooksController#destroy as TURBO_STREAM
  Parameters: {"authenticity_token"=>"[FILTERED]", "id"=>"1"}
  [1m[36mUser Load (1.0ms)[0m  [1m[34mSELECT "users".* FROM "users" WHERE "users"."id" = $1 ORDER BY "users"."id" ASC LIMIT $2[0m  [["id", 2], ["LIMIT", 1]]
  [1m[36mBook Load (0.6ms)[0m  [1m[34mSELECT "books".* FROM "books" WHERE "books"."user_id" = $1 AND "books"."id" = $2 LIMIT $3[0m  [["user_id", 2], ["id", 1], ["LIMIT", 1]]
  ↳ app/controllers/books_controller.rb:69:in `set_book'
  [1m[36mTRANSACTION (0.4ms)[0m  [1m[35mBEGIN[0m
  ↳ app/controllers/books_controller.rb:62:in `destroy'
  [1m[36mBook Destroy (1.5ms)[0m  [1m[31mDELETE FROM "books" WHERE "books"."id" = $1[0m  [["id", 1]]
  ↳ app/controllers/books_controller.rb:62:in `destroy'
  [1m[36mTRANSACTION (1.4ms)[0m  [1m[35mCOMMIT[0m
  ↳ app/controllers/books_controller.rb:62:in `destroy'
Redirected to http://localhost:3000/books
Completed 302 Found in 13ms (ActiveRecord: 4.7ms (3 queries, 0 cached) | GC: 0.0ms)


Started GET "/books" for 127.0.0.1 at 2026-04-05 09:45:04 +0900
Processing by BooksController#index as TURBO_STREAM
  [1m[36mUser Load (0.6ms)[0m  [1m[34mSELECT "users".* FROM "users" WHERE "users"."id" = $1 ORDER BY "users"."id" ASC LIMIT $2[0m  [["id", 2], ["LIMIT", 1]]
  Rendering layout layouts/application.html.erb
  Rendering books/index.html.erb within layouts/application
  [1m[36mBook Exists? (0.6ms)[0m  [1m[34mSELECT 1 AS one FROM "books" WHERE "books"."user_id" = $1 LIMIT $2[0m  [["user_id", 2], ["LIMIT", 1]]
  ↳ app/views/books/index.html.erb:10
  Rendered books/index.html.erb within layouts/application (Duration: 1.6ms | GC: 0.0ms)
  Rendered shared/_header.html.erb (Duration: 0.3ms | GC: 0.0ms)
  Rendered shared/_footer.html.erb (Duration: 0.0ms | GC: 0.0ms)
  Rendered layout layouts/application.html.erb (Duration: 3.7ms | GC: 0.0ms)
Completed 200 OK in 9ms (Views: 3.6ms | ActiveRecord: 1.1ms (2 queries, 0 cached) | GC: 0.0ms)


Started GET "/books/new" for 127.0.0.1 at 2026-04-05 09:45:07 +0900
Processing by BooksController#new as HTML
  [1m[36mUser Load (0.5ms)[0m  [1m[34mSELECT "users".* FROM "users" WHERE "users"."id" = $1 ORDER BY "users"."id" ASC LIMIT $2[0m  [["id", 2], ["LIMIT", 1]]
  Rendering layout layouts/application.html.erb
  Rendering books/new.html.erb within layouts/application
  Rendered books/_form.html.erb (Duration: 2.2ms | GC: 0.0ms)
  Rendered books/new.html.erb within layouts/application (Duration: 2.9ms | GC: 0.0ms)
  Rendered shared/_header.html.erb (Duration: 0.4ms | GC: 0.0ms)
  Rendered shared/_footer.html.erb (Duration: 0.1ms | GC: 0.0ms)
  Rendered layout layouts/application.html.erb (Duration: 5.9ms | GC: 0.0ms)
Completed 200 OK in 10ms (Views: 6.2ms | ActiveRecord: 0.5ms (1 query, 0 cached) | GC: 0.0ms)


Started GET "/books/new" for 127.0.0.1 at 2026-04-05 09:45:36 +0900
Processing by BooksController#new as HTML
  [1m[36mUser Load (0.5ms)[0m  [1m[34mSELECT "users".* FROM "users" WHERE "users"."id" = $1 ORDER BY "users"."id" ASC LIMIT $2[0m  [["id", 2], ["LIMIT", 1]]
  Rendering layout layouts/application.html.erb
  Rendering books/new.html.erb within layouts/application
  Rendered books/_form.html.erb (Duration: 1.1ms | GC: 0.0ms)
  Rendered books/new.html.erb within layouts/application (Duration: 1.4ms | GC: 0.0ms)
  Rendered shared/_header.html.erb (Duration: 0.3ms | GC: 0.0ms)
  Rendered shared/_footer.html.erb (Duration: 0.0ms | GC: 0.0ms)
  Rendered layout layouts/application.html.erb (Duration: 3.7ms | GC: 0.0ms)
Completed 200 OK in 7ms (Views: 4.0ms | ActiveRecord: 0.5ms (1 query, 0 cached) | GC: 0.0ms)


Started GET "/books" for 127.0.0.1 at 2026-04-05 09:45:38 +0900
Processing by BooksController#index as HTML
  [1m[36mUser Load (0.5ms)[0m  [1m[34mSELECT "users".* FROM "users" WHERE "users"."id" = $1 ORDER BY "users"."id" ASC LIMIT $2[0m  [["id", 2], ["LIMIT", 1]]
  Rendering layout layouts/application.html.erb
  Rendering books/index.html.erb within layouts/application
  [1m[36mBook Exists? (0.5ms)[0m  [1m[34mSELECT 1 AS one FROM "books" WHERE "books"."user_id" = $1 LIMIT $2[0m  [["user_id", 2], ["LIMIT", 1]]
  ↳ app/views/books/index.html.erb:10
  Rendered books/index.html.erb within layouts/application (Duration: 1.6ms | GC: 0.0ms)
  Rendered shared/_header.html.erb (Duration: 0.3ms | GC: 0.0ms)
  Rendered shared/_footer.html.erb (Duration: 0.1ms | GC: 0.0ms)
  Rendered layout layouts/application.html.erb (Duration: 4.7ms | GC: 0.0ms)
Completed 200 OK in 8ms (Views: 4.6ms | ActiveRecord: 1.0ms (2 queries, 0 cached) | GC: 0.0ms)


Started GET "/" for 127.0.0.1 at 2026-04-05 09:47:07 +0900
Processing by TopController#index as HTML
  Rendering layout layouts/application.html.erb
  Rendering top/index.html.erb within layouts/application
  Rendered top/index.html.erb within layouts/application (Duration: 0.4ms | GC: 0.0ms)
  [1m[36mUser Load (0.6ms)[0m  [1m[34mSELECT "users".* FROM "users" WHERE "users"."id" = $1 ORDER BY "users"."id" ASC LIMIT $2[0m  [["id", 2], ["LIMIT", 1]]
  ↳ app/views/shared/_header.html.erb:5
  Rendered shared/_header.html.erb (Duration: 3.1ms | GC: 0.0ms)
  Rendered shared/_footer.html.erb (Duration: 0.1ms | GC: 0.0ms)
  Rendered layout layouts/application.html.erb (Duration: 6.3ms | GC: 0.0ms)
Completed 200 OK in 7ms (Views: 6.1ms | ActiveRecord: 0.6ms (1 query, 0 cached) | GC: 0.0ms)


Started GET "/books" for 127.0.0.1 at 2026-04-05 09:47:11 +0900
Processing by BooksController#index as HTML
  [1m[36mUser Load (0.5ms)[0m  [1m[34mSELECT "users".* FROM "users" WHERE "users"."id" = $1 ORDER BY "users"."id" ASC LIMIT $2[0m  [["id", 2], ["LIMIT", 1]]
  Rendering layout layouts/application.html.erb
  Rendering books/index.html.erb within layouts/application
  [1m[36mBook Exists? (0.5ms)[0m  [1m[34mSELECT 1 AS one FROM "books" WHERE "books"."user_id" = $1 LIMIT $2[0m  [["user_id", 2], ["LIMIT", 1]]
  ↳ app/views/books/index.html.erb:10
  Rendered books/index.html.erb within layouts/application (Duration: 1.9ms | GC: 0.0ms)
  Rendered shared/_header.html.erb (Duration: 0.7ms | GC: 0.0ms)
  Rendered shared/_footer.html.erb (Duration: 0.1ms | GC: 0.0ms)
  Rendered layout layouts/application.html.erb (Duration: 6.0ms | GC: 0.6ms)
Completed 200 OK in 10ms (Views: 6.0ms | ActiveRecord: 1.0ms (2 queries, 0 cached) | GC: 0.6ms)


Started GET "/books" for 127.0.0.1 at 2026-04-05 09:47:24 +0900
Processing by BooksController#index as HTML
  [1m[36mUser Load (0.6ms)[0m  [1m[34mSELECT "users".* FROM "users" WHERE "users"."id" = $1 ORDER BY "users"."id" ASC LIMIT $2[0m  [["id", 2], ["LIMIT", 1]]
  Rendering layout layouts/application.html.erb
  Rendering books/index.html.erb within layouts/application
  [1m[36mBook Exists? (0.8ms)[0m  [1m[34mSELECT 1 AS one FROM "books" WHERE "books"."user_id" = $1 LIMIT $2[0m  [["user_id", 2], ["LIMIT", 1]]
  ↳ app/views/books/index.html.erb:10
  Rendered books/index.html.erb within layouts/application (Duration: 2.4ms | GC: 0.0ms)
  Rendered shared/_header.html.erb (Duration: 0.7ms | GC: 0.0ms)
  Rendered shared/_footer.html.erb (Duration: 0.1ms | GC: 0.0ms)
  Rendered layout layouts/application.html.erb (Duration: 6.9ms | GC: 0.5ms)
Completed 200 OK in 11ms (Views: 6.6ms | ActiveRecord: 1.3ms (2 queries, 0 cached) | GC: 0.5ms)


Started POST "/books" for 127.0.0.1 at 2026-04-05 09:47:26 +0900
Processing by BooksController#create as TURBO_STREAM
  Parameters: {"authenticity_token"=>"[FILTERED]", "book"=>{"title"=>"aa", "author"=>"vvvv", "total_pages"=>"290", "target_pages"=>"290", "deadline"=>"2026-05-02", "current_page"=>"0"}, "commit"=>"登録する"}
  [1m[36mUser Load (0.7ms)[0m  [1m[34mSELECT "users".* FROM "users" WHERE "users"."id" = $1 ORDER BY "users"."id" ASC LIMIT $2[0m  [["id", 2], ["LIMIT", 1]]
  [1m[36mTRANSACTION (0.6ms)[0m  [1m[35mBEGIN[0m
  ↳ app/controllers/books_controller.rb:17:in `create'
  [1m[36mBook Create (3.5ms)[0m  [1m[32mINSERT INTO "books" ("user_id", "title", "author", "total_pages", "target_pages", "current_page", "deadline", "status", "extension_count", "completed_at", "created_at", "updated_at") VALUES ($1, $2, $3, $4, $5, $6, $7, $8, $9, $10, $11, $12) RETURNING "id"[0m  [["user_id", 2], ["title", "aa"], ["author", "vvvv"], ["total_pages", 290], ["target_pages", 290], ["current_page", 0], ["deadline", "2026-05-02"], ["status", 0], ["extension_count", 0], ["completed_at", nil], ["created_at", "2026-04-05 00:47:26.078395"], ["updated_at", "2026-04-05 00:47:26.078395"]]
  ↳ app/controllers/books_controller.rb:17:in `create'
  [1m[36mTRANSACTION (1.6ms)[0m  [1m[35mCOMMIT[0m
  ↳ app/controllers/books_controller.rb:17:in `create'
Redirected to http://localhost:3000/books/2
Completed 302 Found in 18ms (ActiveRecord: 6.3ms (2 queries, 0 cached) | GC: 0.6ms)


Started GET "/books/2" for 127.0.0.1 at 2026-04-05 09:47:26 +0900
Processing by BooksController#show as TURBO_STREAM
  Parameters: {"id"=>"2"}
  [1m[36mUser Load (0.7ms)[0m  [1m[34mSELECT "users".* FROM "users" WHERE "users"."id" = $1 ORDER BY "users"."id" ASC LIMIT $2[0m  [["id", 2], ["LIMIT", 1]]
  [1m[36mBook Load (0.7ms)[0m  [1m[34mSELECT "books".* FROM "books" WHERE "books"."user_id" = $1 AND "books"."id" = $2 LIMIT $3[0m  [["user_id", 2], ["id", 2], ["LIMIT", 1]]
  ↳ app/controllers/books_controller.rb:69:in `set_book'
  Rendering layout layouts/application.html.erb
  Rendering books/show.html.erb within layouts/application
  Rendered books/show.html.erb within layouts/application (Duration: 2.1ms | GC: 0.0ms)
  Rendered shared/_header.html.erb (Duration: 0.5ms | GC: 0.0ms)
  Rendered shared/_footer.html.erb (Duration: 0.1ms | GC: 0.0ms)
  Rendered layout layouts/application.html.erb (Duration: 4.9ms | GC: 0.0ms)
Completed 200 OK in 13ms (Views: 5.3ms | ActiveRecord: 1.3ms (2 queries, 0 cached) | GC: 0.6ms)


Started PATCH "/books/2/change_deadline" for 127.0.0.1 at 2026-04-05 09:47:46 +0900
Processing by BooksController#change_deadline as HTML
  Parameters: {"authenticity_token"=>"[FILTERED]", "deadline"=>"2026-05-23", "commit"=>"延長する", "id"=>"2"}
  [1m[36mUser Load (0.5ms)[0m  [1m[34mSELECT "users".* FROM "users" WHERE "users"."id" = $1 ORDER BY "users"."id" ASC LIMIT $2[0m  [["id", 2], ["LIMIT", 1]]
  [1m[36mBook Load (0.7ms)[0m  [1m[34mSELECT "books".* FROM "books" WHERE "books"."user_id" = $1 AND "books"."id" = $2 LIMIT $3[0m  [["user_id", 2], ["id", 2], ["LIMIT", 1]]
  ↳ app/controllers/books_controller.rb:69:in `set_book'
  [1m[36mTRANSACTION (0.5ms)[0m  [1m[35mBEGIN[0m
  ↳ app/models/book.rb:26:in `extend_deadline!'
  [1m[36mBook Update (1.9ms)[0m  [1m[33mUPDATE "books" SET "deadline" = $1, "extension_count" = $2, "updated_at" = $3 WHERE "books"."id" = $4[0m  [["deadline", "2026-05-23"], ["extension_count", 1], ["updated_at", "2026-04-05 00:47:46.050291"], ["id", 2]]
  ↳ app/models/book.rb:26:in `extend_deadline!'
  [1m[36mTRANSACTION (1.3ms)[0m  [1m[35mCOMMIT[0m
  ↳ app/models/book.rb:26:in `extend_deadline!'
Redirected to http://localhost:3000/books/2
Completed 302 Found in 13ms (ActiveRecord: 4.9ms (3 queries, 0 cached) | GC: 0.0ms)


Started GET "/books/2" for 127.0.0.1 at 2026-04-05 09:47:46 +0900
Processing by BooksController#show as HTML
  Parameters: {"id"=>"2"}
  [1m[36mUser Load (0.8ms)[0m  [1m[34mSELECT "users".* FROM "users" WHERE "users"."id" = $1 ORDER BY "users"."id" ASC LIMIT $2[0m  [["id", 2], ["LIMIT", 1]]
  [1m[36mBook Load (0.6ms)[0m  [1m[34mSELECT "books".* FROM "books" WHERE "books"."user_id" = $1 AND "books"."id" = $2 LIMIT $3[0m  [["user_id", 2], ["id", 2], ["LIMIT", 1]]
  ↳ app/controllers/books_controller.rb:69:in `set_book'
  Rendering layout layouts/application.html.erb
  Rendering books/show.html.erb within layouts/application
  Rendered books/show.html.erb within layouts/application (Duration: 2.5ms | GC: 0.7ms)
  Rendered shared/_header.html.erb (Duration: 0.2ms | GC: 0.0ms)
  Rendered shared/_footer.html.erb (Duration: 0.1ms | GC: 0.0ms)
  Rendered layout layouts/application.html.erb (Duration: 4.6ms | GC: 0.7ms)
Completed 200 OK in 11ms (Views: 5.0ms | ActiveRecord: 1.4ms (2 queries, 0 cached) | GC: 0.7ms)


