current directory: /home/ippei/runteq/graduation_work/Yomikiri/vendor/cache/ruby/3.3.0/gems/rbs-4.0.2/ext/rbs_extension
/home/ippei/.rbenv/versions/3.3.10/bin/ruby extconf.rb
checking for whether -std=gnu99 is accepted as CFLAGS... yes
checking for whether -Wimplicit-fallthrough is accepted as CFLAGS... yes
checking for whether -Wunused-result is accepted as CFLAGS... yes
checking for whether -Wc++-compat is accepted as CFLAGS... yes
checking for whether -DNDEBUG is accepted as CFLAGS... yes
creating Makefile

current directory: /home/ippei/runteq/graduation_work/Yomikiri/vendor/cache/ruby/3.3.0/gems/rbs-4.0.2/ext/rbs_extension
make DESTDIR\= sitearchdir\=./.gem.20260403-42453-n6vv1d sitelibdir\=./.gem.20260403-42453-n6vv1d clean

current directory: /home/ippei/runteq/graduation_work/Yomikiri/vendor/cache/ruby/3.3.0/gems/rbs-4.0.2/ext/rbs_extension
make DESTDIR\= sitearchdir\=./.gem.20260403-42453-n6vv1d sitelibdir\=./.gem.20260403-42453-n6vv1d
make: Warning: File 'ast.c' has modification time 0.94 s in the future
compiling ./../../src/ast.c
compiling ./../../src/lexer.c
compiling ./../../src/lexstate.c
compiling ./../../src/location.c
compiling ./../../src/parser.c
compiling ./../../src/string.c
compiling ./../../src/util/rbs_allocator.c
compiling ./../../src/util/rbs_assert.c
compiling ./../../src/util/rbs_buffer.c
compiling ./../../src/util/rbs_constant_pool.c
compiling ./../../src/util/rbs_encoding.c
compiling ./../../src/util/rbs_unescape.c
compiling ast_translation.c
compiling class_constants.c
compiling legacy_location.c
compiling main.c
compiling rbs_string_bridging.c
linking shared-object rbs_extension.so
make: warning:  Clock skew detected.  Your build may be incomplete.

current directory: /home/ippei/runteq/graduation_work/Yomikiri/vendor/cache/ruby/3.3.0/gems/rbs-4.0.2/ext/rbs_extension
make DESTDIR\= sitearchdir\=./.gem.20260403-42453-n6vv1d sitelibdir\=./.gem.20260403-42453-n6vv1d install
compiling ./../../src/ast.c
compiling ./../../src/lexer.c
compiling ./../../src/lexstate.c
compiling ./../../src/location.c
compiling ./../../src/parser.c
linking shared-object rbs_extension.so
/usr/bin/install -c -m 0755 rbs_extension.so ./.gem.20260403-42453-n6vv1d

current directory: /home/ippei/runteq/graduation_work/Yomikiri/vendor/cache/ruby/3.3.0/gems/rbs-4.0.2/ext/rbs_extension
make DESTDIR\= sitearchdir\=./.gem.20260403-42453-n6vv1d sitelibdir\=./.gem.20260403-42453-n6vv1d clean
