current directory: /home/ippei/runteq/graduation_work/Yomikiri/vendor/cache/ruby/3.3.0/gems/date-3.5.1/ext/date
/home/ippei/.rbenv/versions/3.3.10/bin/ruby extconf.rb
checking for rb_category_warn()... yes
checking for timezone in time.h with  -Werror... yes
checking for altzone in time.h with  -Werror... no
creating Makefile

current directory: /home/ippei/runteq/graduation_work/Yomikiri/vendor/cache/ruby/3.3.0/gems/date-3.5.1/ext/date
make DESTDIR\= sitearchdir\=./.gem.20260403-40869-n8e32i sitelibdir\=./.gem.20260403-40869-n8e32i clean

current directory: /home/ippei/runteq/graduation_work/Yomikiri/vendor/cache/ruby/3.3.0/gems/date-3.5.1/ext/date
make DESTDIR\= sitearchdir\=./.gem.20260403-40869-n8e32i sitelibdir\=./.gem.20260403-40869-n8e32i
compiling date_core.c
compiling date_parse.c
compiling date_strftime.c
compiling date_strptime.c
linking shared-object date_core.so

current directory: /home/ippei/runteq/graduation_work/Yomikiri/vendor/cache/ruby/3.3.0/gems/date-3.5.1/ext/date
make DESTDIR\= sitearchdir\=./.gem.20260403-40869-n8e32i sitelibdir\=./.gem.20260403-40869-n8e32i install
make: Warning: File 'date_core.o' has modification time 0.0016 s in the future
linking shared-object date_core.so
/usr/bin/install -c -m 0755 date_core.so ./.gem.20260403-40869-n8e32i
make: warning:  Clock skew detected.  Your build may be incomplete.

current directory: /home/ippei/runteq/graduation_work/Yomikiri/vendor/cache/ruby/3.3.0/gems/date-3.5.1/ext/date
make DESTDIR\= sitearchdir\=./.gem.20260403-40869-n8e32i sitelibdir\=./.gem.20260403-40869-n8e32i clean
