current directory: /home/ippei/runteq/graduation_work/Yomikiri/vendor/cache/ruby/3.3.0/gems/json-2.19.3/ext/json/ext/parser
/home/ippei/.rbenv/versions/3.3.10/bin/ruby extconf.rb
checking for rb_enc_interned_str() in ruby/encoding.h... yes
checking for rb_str_to_interned_str() in ruby.h... yes
checking for rb_hash_new_capa() in ruby.h... yes
checking for rb_hash_bulk_insert() in ruby.h... yes
checking for whether -std=c99 is accepted as CFLAGS... yes
checking for x86intrin.h... yes
checking for cpuid.h... yes
creating Makefile

current directory: /home/ippei/runteq/graduation_work/Yomikiri/vendor/cache/ruby/3.3.0/gems/json-2.19.3/ext/json/ext/parser
make DESTDIR\= sitearchdir\=./.gem.20260403-40869-8rut04 sitelibdir\=./.gem.20260403-40869-8rut04 clean

current directory: /home/ippei/runteq/graduation_work/Yomikiri/vendor/cache/ruby/3.3.0/gems/json-2.19.3/ext/json/ext/parser
make DESTDIR\= sitearchdir\=./.gem.20260403-40869-8rut04 sitelibdir\=./.gem.20260403-40869-8rut04
compiling parser.c
linking shared-object json/ext/parser.so

current directory: /home/ippei/runteq/graduation_work/Yomikiri/vendor/cache/ruby/3.3.0/gems/json-2.19.3/ext/json/ext/parser
make DESTDIR\= sitearchdir\=./.gem.20260403-40869-8rut04 sitelibdir\=./.gem.20260403-40869-8rut04 install
make: Warning: File 'Makefile' has modification time 1.3 s in the future
linking shared-object json/ext/parser.so
/usr/bin/install -c -m 0755 parser.so ./.gem.20260403-40869-8rut04/json/ext
make: warning:  Clock skew detected.  Your build may be incomplete.

current directory: /home/ippei/runteq/graduation_work/Yomikiri/vendor/cache/ruby/3.3.0/gems/json-2.19.3/ext/json/ext/parser
make DESTDIR\= sitearchdir\=./.gem.20260403-40869-8rut04 sitelibdir\=./.gem.20260403-40869-8rut04 clean
make: Warning: File 'Makefile' has modification time 1.2 s in the future
make: warning:  Clock skew detected.  Your build may be incomplete.
