current directory: /home/ippei/runteq/graduation_work/Yomikiri/vendor/cache/ruby/3.3.0/gems/websocket-driver-0.8.0/ext/websocket-driver
/home/ippei/.rbenv/versions/3.3.10/bin/ruby extconf.rb
creating Makefile

current directory: /home/ippei/runteq/graduation_work/Yomikiri/vendor/cache/ruby/3.3.0/gems/websocket-driver-0.8.0/ext/websocket-driver
make DESTDIR\= sitearchdir\=./.gem.20260403-40869-fyl70w sitelibdir\=./.gem.20260403-40869-fyl70w clean

current directory: /home/ippei/runteq/graduation_work/Yomikiri/vendor/cache/ruby/3.3.0/gems/websocket-driver-0.8.0/ext/websocket-driver
make DESTDIR\= sitearchdir\=./.gem.20260403-40869-fyl70w sitelibdir\=./.gem.20260403-40869-fyl70w
compiling websocket_mask.c
websocket_mask.c: In function ‘Init_websocket_mask’:
websocket_mask.c:26:6: warning: old-style function definition [-Wold-style-definition]
   26 | void Init_websocket_mask()
      |      ^~~~~~~~~~~~~~~~~~~
At top level:
cc1: note: unrecognized command-line option ‘-Wno-self-assign’ may have been intended to silence earlier diagnostics
cc1: note: unrecognized command-line option ‘-Wno-parentheses-equality’ may have been intended to silence earlier diagnostics
cc1: note: unrecognized command-line option ‘-Wno-constant-logical-operand’ may have been intended to silence earlier diagnostics
linking shared-object websocket_mask.so

current directory: /home/ippei/runteq/graduation_work/Yomikiri/vendor/cache/ruby/3.3.0/gems/websocket-driver-0.8.0/ext/websocket-driver
make DESTDIR\= sitearchdir\=./.gem.20260403-40869-fyl70w sitelibdir\=./.gem.20260403-40869-fyl70w install
/usr/bin/install -c -m 0755 websocket_mask.so ./.gem.20260403-40869-fyl70w

current directory: /home/ippei/runteq/graduation_work/Yomikiri/vendor/cache/ruby/3.3.0/gems/websocket-driver-0.8.0/ext/websocket-driver
make DESTDIR\= sitearchdir\=./.gem.20260403-40869-fyl70w sitelibdir\=./.gem.20260403-40869-fyl70w clean
